// Jest Snapshot v1, https://goo.gl/fbAQLP

exports[`TSP Map View should render correctly 1`] = `
ShallowWrapper {
  Symbol(enzyme.__root__): [Circular],
  Symbol(enzyme.__unrendered__): <TspMap
    center={
        Object {
            "lat": 1.345678,
            "lng": 1.345678,
          }
    }
    clickHandler={[Function]}
    distance="10"
    domicileId={1}
    removeHandler={[Function]}
    route={
        Array [
            Object {
              "id": 1,
              "lat": 1.345678,
              "lng": 1.345678,
            },
            Object {
              "id": 2,
              "lat": 2.345678,
              "lng": 2.345678,
            },
            Object {
              "id": 3,
              "lat": 3.676111,
              "lng": 3.568333,
            },
          ]
    }
    selectedId={1}
    zoom={5}
/>,
  Symbol(enzyme.__renderer__): Object {
    "batchedUpdates": [Function],
    "getNode": [Function],
    "render": [Function],
    "simulateError": [Function],
    "simulateEvent": [Function],
    "unmount": [Function],
  },
  Symbol(enzyme.__node__): Object {
    "instance": null,
    "key": undefined,
    "nodeType": "class",
    "props": Object {
      "center": Object {
        "lat": 1.345678,
        "lng": 1.345678,
      },
      "children": Array [
        <Unknown
          attribution="&copy <a href=\\"http://osm.org/copyright\\">OpenStreetMap</a> contributors"
          url="https://{s}.tile.openstreetmap.org/{z}/{x}/{y}.png"
/>,
        <Unknown
          position="topright"
/>,
        Array [
          <Unknown
            icon={
                        NewClass {
                                    "_initHooksCalled": true,
                                    "options": Object {
                                      "iconAnchor": Array [
                                        12,
                                        12,
                                      ],
                                      "iconSize": Array [
                                        24,
                                        24,
                                      ],
                                      "iconUrl": "if_big_house-home_2222740.png",
                                      "popupAnchor": Array [
                                        0,
                                        -10,
                                      ],
                                      "shadowAnchor": Array [
                                        16,
                                        2,
                                      ],
                                      "shadowSize": Array [
                                        50,
                                        16,
                                      ],
                                      "shadowUrl": "if_big_house-home_2222740_shadow.png",
                                    },
                                  }
            }
            onClick={[Function]}
            position={
                        Object {
                                    "id": 1,
                                    "lat": 1.345678,
                                    "lng": 1.345678,
                                  }
            }
>
            <Unknown
                        permanent={true}
            >
                        Location 1 [Lat=1.345678, Lng=1.345678]
            </Unknown>
</Unknown>,
          <Unknown
            icon={
                        NewClass {
                                    "_initHooksCalled": true,
                                    "options": Object {},
                                  }
            }
            onClick={[Function]}
            position={
                        Object {
                                    "id": 2,
                                    "lat": 2.345678,
                                    "lng": 2.345678,
                                  }
            }
>
            <Unknown
                        permanent={false}
            >
                        Location 2 [Lat=2.345678, Lng=2.345678]
            </Unknown>
</Unknown>,
          <Unknown
            icon={
                        NewClass {
                                    "_initHooksCalled": true,
                                    "options": Object {},
                                  }
            }
            onClick={[Function]}
            position={
                        Object {
                                    "id": 3,
                                    "lat": 3.676111,
                                    "lng": 3.568333,
                                  }
            }
>
            <Unknown
                        permanent={false}
            >
                        Location 3 [Lat=3.676111, Lng=3.568333]
            </Unknown>
</Unknown>,
        ],
        <Unknown
          fill={false}
          positions={
                    Array [
                              Object {
                                "id": 1,
                                "lat": 1.345678,
                                "lng": 1.345678,
                              },
                              Object {
                                "id": 2,
                                "lat": 2.345678,
                                "lng": 2.345678,
                              },
                              Object {
                                "id": 3,
                                "lat": 3.676111,
                                "lng": 3.568333,
                              },
                            ]
          }
/>,
      ],
      "onClick": [Function],
      "style": Object {
        "height": "100vh",
        "width": "100vw",
      },
      "zoom": 5,
      "zoomControl": false,
    },
    "ref": null,
    "rendered": Array [
      Object {
        "instance": null,
        "key": undefined,
        "nodeType": "function",
        "props": Object {
          "attribution": "&copy <a href=\\"http://osm.org/copyright\\">OpenStreetMap</a> contributors",
          "url": "https://{s}.tile.openstreetmap.org/{z}/{x}/{y}.png",
        },
        "ref": null,
        "rendered": null,
        "type": Object {
          "$$typeof": Symbol(react.forward_ref),
          "render": [Function],
        },
      },
      Object {
        "instance": null,
        "key": undefined,
        "nodeType": "function",
        "props": Object {
          "position": "topright",
        },
        "ref": null,
        "rendered": null,
        "type": Object {
          "$$typeof": Symbol(react.forward_ref),
          "render": [Function],
        },
      },
      Object {
        "instance": null,
        "key": "1",
        "nodeType": "function",
        "props": Object {
          "children": <Unknown
            permanent={true}
>
            Location 1 [Lat=1.345678, Lng=1.345678]
</Unknown>,
          "icon": NewClass {
            "_initHooksCalled": true,
            "options": Object {
              "iconAnchor": Array [
                12,
                12,
              ],
              "iconSize": Array [
                24,
                24,
              ],
              "iconUrl": "if_big_house-home_2222740.png",
              "popupAnchor": Array [
                0,
                -10,
              ],
              "shadowAnchor": Array [
                16,
                2,
              ],
              "shadowSize": Array [
                50,
                16,
              ],
              "shadowUrl": "if_big_house-home_2222740_shadow.png",
            },
          },
          "onClick": [Function],
          "position": Object {
            "id": 1,
            "lat": 1.345678,
            "lng": 1.345678,
          },
        },
        "ref": null,
        "rendered": Object {
          "instance": null,
          "key": "1T",
          "nodeType": "function",
          "props": Object {
            "children": "Location 1 [Lat=1.345678, Lng=1.345678]",
            "permanent": true,
          },
          "ref": null,
          "rendered": "Location 1 [Lat=1.345678, Lng=1.345678]",
          "type": Object {
            "$$typeof": Symbol(react.forward_ref),
            "render": [Function],
          },
        },
        "type": Object {
          "$$typeof": Symbol(react.forward_ref),
          "render": [Function],
        },
      },
      Object {
        "instance": null,
        "key": "2",
        "nodeType": "function",
        "props": Object {
          "children": <Unknown
            permanent={false}
>
            Location 2 [Lat=2.345678, Lng=2.345678]
</Unknown>,
          "icon": NewClass {
            "_initHooksCalled": true,
            "options": Object {},
          },
          "onClick": [Function],
          "position": Object {
            "id": 2,
            "lat": 2.345678,
            "lng": 2.345678,
          },
        },
        "ref": null,
        "rendered": Object {
          "instance": null,
          "key": "2t",
          "nodeType": "function",
          "props": Object {
            "children": "Location 2 [Lat=2.345678, Lng=2.345678]",
            "permanent": false,
          },
          "ref": null,
          "rendered": "Location 2 [Lat=2.345678, Lng=2.345678]",
          "type": Object {
            "$$typeof": Symbol(react.forward_ref),
            "render": [Function],
          },
        },
        "type": Object {
          "$$typeof": Symbol(react.forward_ref),
          "render": [Function],
        },
      },
      Object {
        "instance": null,
        "key": "3",
        "nodeType": "function",
        "props": Object {
          "children": <Unknown
            permanent={false}
>
            Location 3 [Lat=3.676111, Lng=3.568333]
</Unknown>,
          "icon": NewClass {
            "_initHooksCalled": true,
            "options": Object {},
          },
          "onClick": [Function],
          "position": Object {
            "id": 3,
            "lat": 3.676111,
            "lng": 3.568333,
          },
        },
        "ref": null,
        "rendered": Object {
          "instance": null,
          "key": "3t",
          "nodeType": "function",
          "props": Object {
            "children": "Location 3 [Lat=3.676111, Lng=3.568333]",
            "permanent": false,
          },
          "ref": null,
          "rendered": "Location 3 [Lat=3.676111, Lng=3.568333]",
          "type": Object {
            "$$typeof": Symbol(react.forward_ref),
            "render": [Function],
          },
        },
        "type": Object {
          "$$typeof": Symbol(react.forward_ref),
          "render": [Function],
        },
      },
      Object {
        "instance": null,
        "key": undefined,
        "nodeType": "function",
        "props": Object {
          "fill": false,
          "positions": Array [
            Object {
              "id": 1,
              "lat": 1.345678,
              "lng": 1.345678,
            },
            Object {
              "id": 2,
              "lat": 2.345678,
              "lng": 2.345678,
            },
            Object {
              "id": 3,
              "lat": 3.676111,
              "lng": 3.568333,
            },
          ],
        },
        "ref": null,
        "rendered": null,
        "type": Object {
          "$$typeof": Symbol(react.forward_ref),
          "render": [Function],
        },
      },
    ],
    "type": [Function],
  },
  Symbol(enzyme.__nodes__): Array [
    Object {
      "instance": null,
      "key": undefined,
      "nodeType": "class",
      "props": Object {
        "center": Object {
          "lat": 1.345678,
          "lng": 1.345678,
        },
        "children": Array [
          <Unknown
            attribution="&copy <a href=\\"http://osm.org/copyright\\">OpenStreetMap</a> contributors"
            url="https://{s}.tile.openstreetmap.org/{z}/{x}/{y}.png"
/>,
          <Unknown
            position="topright"
/>,
          Array [
            <Unknown
              icon={
                            NewClass {
                                          "_initHooksCalled": true,
                                          "options": Object {
                                            "iconAnchor": Array [
                                              12,
                                              12,
                                            ],
                                            "iconSize": Array [
                                              24,
                                              24,
                                            ],
                                            "iconUrl": "if_big_house-home_2222740.png",
                                            "popupAnchor": Array [
                                              0,
                                              -10,
                                            ],
                                            "shadowAnchor": Array [
                                              16,
                                              2,
                                            ],
                                            "shadowSize": Array [
                                              50,
                                              16,
                                            ],
                                            "shadowUrl": "if_big_house-home_2222740_shadow.png",
                                          },
                                        }
              }
              onClick={[Function]}
              position={
                            Object {
                                          "id": 1,
                                          "lat": 1.345678,
                                          "lng": 1.345678,
                                        }
              }
>
              <Unknown
                            permanent={true}
              >
                            Location 1 [Lat=1.345678, Lng=1.345678]
              </Unknown>
</Unknown>,
            <Unknown
              icon={
                            NewClass {
                                          "_initHooksCalled": true,
                                          "options": Object {},
                                        }
              }
              onClick={[Function]}
              position={
                            Object {
                                          "id": 2,
                                          "lat": 2.345678,
                                          "lng": 2.345678,
                                        }
              }
>
              <Unknown
                            permanent={false}
              >
                            Location 2 [Lat=2.345678, Lng=2.345678]
              </Unknown>
</Unknown>,
            <Unknown
              icon={
                            NewClass {
                                          "_initHooksCalled": true,
                                          "options": Object {},
                                        }
              }
              onClick={[Function]}
              position={
                            Object {
                                          "id": 3,
                                          "lat": 3.676111,
                                          "lng": 3.568333,
                                        }
              }
>
              <Unknown
                            permanent={false}
              >
                            Location 3 [Lat=3.676111, Lng=3.568333]
              </Unknown>
</Unknown>,
          ],
          <Unknown
            fill={false}
            positions={
                        Array [
                                    Object {
                                      "id": 1,
                                      "lat": 1.345678,
                                      "lng": 1.345678,
                                    },
                                    Object {
                                      "id": 2,
                                      "lat": 2.345678,
                                      "lng": 2.345678,
                                    },
                                    Object {
                                      "id": 3,
                                      "lat": 3.676111,
                                      "lng": 3.568333,
                                    },
                                  ]
            }
/>,
        ],
        "onClick": [Function],
        "style": Object {
          "height": "100vh",
          "width": "100vw",
        },
        "zoom": 5,
        "zoomControl": false,
      },
      "ref": null,
      "rendered": Array [
        Object {
          "instance": null,
          "key": undefined,
          "nodeType": "function",
          "props": Object {
            "attribution": "&copy <a href=\\"http://osm.org/copyright\\">OpenStreetMap</a> contributors",
            "url": "https://{s}.tile.openstreetmap.org/{z}/{x}/{y}.png",
          },
          "ref": null,
          "rendered": null,
          "type": Object {
            "$$typeof": Symbol(react.forward_ref),
            "render": [Function],
          },
        },
        Object {
          "instance": null,
          "key": undefined,
          "nodeType": "function",
          "props": Object {
            "position": "topright",
          },
          "ref": null,
          "rendered": null,
          "type": Object {
            "$$typeof": Symbol(react.forward_ref),
            "render": [Function],
          },
        },
        Object {
          "instance": null,
          "key": "1",
          "nodeType": "function",
          "props": Object {
            "children": <Unknown
              permanent={true}
>
              Location 1 [Lat=1.345678, Lng=1.345678]
</Unknown>,
            "icon": NewClass {
              "_initHooksCalled": true,
              "options": Object {
                "iconAnchor": Array [
                  12,
                  12,
                ],
                "iconSize": Array [
                  24,
                  24,
                ],
                "iconUrl": "if_big_house-home_2222740.png",
                "popupAnchor": Array [
                  0,
                  -10,
                ],
                "shadowAnchor": Array [
                  16,
                  2,
                ],
                "shadowSize": Array [
                  50,
                  16,
                ],
                "shadowUrl": "if_big_house-home_2222740_shadow.png",
              },
            },
            "onClick": [Function],
            "position": Object {
              "id": 1,
              "lat": 1.345678,
              "lng": 1.345678,
            },
          },
          "ref": null,
          "rendered": Object {
            "instance": null,
            "key": "1T",
            "nodeType": "function",
            "props": Object {
              "children": "Location 1 [Lat=1.345678, Lng=1.345678]",
              "permanent": true,
            },
            "ref": null,
            "rendered": "Location 1 [Lat=1.345678, Lng=1.345678]",
            "type": Object {
              "$$typeof": Symbol(react.forward_ref),
              "render": [Function],
            },
          },
          "type": Object {
            "$$typeof": Symbol(react.forward_ref),
            "render": [Function],
          },
        },
        Object {
          "instance": null,
          "key": "2",
          "nodeType": "function",
          "props": Object {
            "children": <Unknown
              permanent={false}
>
              Location 2 [Lat=2.345678, Lng=2.345678]
</Unknown>,
            "icon": NewClass {
              "_initHooksCalled": true,
              "options": Object {},
            },
            "onClick": [Function],
            "position": Object {
              "id": 2,
              "lat": 2.345678,
              "lng": 2.345678,
            },
          },
          "ref": null,
          "rendered": Object {
            "instance": null,
            "key": "2t",
            "nodeType": "function",
            "props": Object {
              "children": "Location 2 [Lat=2.345678, Lng=2.345678]",
              "permanent": false,
            },
            "ref": null,
            "rendered": "Location 2 [Lat=2.345678, Lng=2.345678]",
            "type": Object {
              "$$typeof": Symbol(react.forward_ref),
              "render": [Function],
            },
          },
          "type": Object {
            "$$typeof": Symbol(react.forward_ref),
            "render": [Function],
          },
        },
        Object {
          "instance": null,
          "key": "3",
          "nodeType": "function",
          "props": Object {
            "children": <Unknown
              permanent={false}
>
              Location 3 [Lat=3.676111, Lng=3.568333]
</Unknown>,
            "icon": NewClass {
              "_initHooksCalled": true,
              "options": Object {},
            },
            "onClick": [Function],
            "position": Object {
              "id": 3,
              "lat": 3.676111,
              "lng": 3.568333,
            },
          },
          "ref": null,
          "rendered": Object {
            "instance": null,
            "key": "3t",
            "nodeType": "function",
            "props": Object {
              "children": "Location 3 [Lat=3.676111, Lng=3.568333]",
              "permanent": false,
            },
            "ref": null,
            "rendered": "Location 3 [Lat=3.676111, Lng=3.568333]",
            "type": Object {
              "$$typeof": Symbol(react.forward_ref),
              "render": [Function],
            },
          },
          "type": Object {
            "$$typeof": Symbol(react.forward_ref),
            "render": [Function],
          },
        },
        Object {
          "instance": null,
          "key": undefined,
          "nodeType": "function",
          "props": Object {
            "fill": false,
            "positions": Array [
              Object {
                "id": 1,
                "lat": 1.345678,
                "lng": 1.345678,
              },
              Object {
                "id": 2,
                "lat": 2.345678,
                "lng": 2.345678,
              },
              Object {
                "id": 3,
                "lat": 3.676111,
                "lng": 3.568333,
              },
            ],
          },
          "ref": null,
          "rendered": null,
          "type": Object {
            "$$typeof": Symbol(react.forward_ref),
            "render": [Function],
          },
        },
      ],
      "type": [Function],
    },
  ],
  Symbol(enzyme.__options__): Object {
    "adapter": ReactSixteenAdapter {
      "options": Object {
        "enableComponentDidUpdateOnSetState": true,
        "lifecycles": Object {
          "componentDidUpdate": Object {
            "onSetState": true,
          },
          "getDerivedStateFromProps": true,
          "getSnapshotBeforeUpdate": true,
          "setState": Object {
            "skipsComponentDidUpdateOnNullish": true,
          },
        },
      },
    },
  },
}
`;
