// Jest Snapshot v1, https://goo.gl/fbAQLP

exports[`Header component should match snapshot 1`] = `
<PageHeader
  logo={
    <Brand
      alt="OptaPlanner Logo"
      src="./assets/images/optaPlannerLogoDarkBackground200px.png"
    />
  }
  topNav={<withRouter(Navigation) />}
/>
`;
