// Jest Snapshot v1, https://goo.gl/fbAQLP

exports[`Alerts should call readMessage() when alert is closed 1`] = `
Object {
  "asFragment": [Function],
  "baseElement": <body>
    <div />
    <div>
      <ul
        class="pf-c-alert-group pf-m-toast"
      >
        <li>
          <div
            aria-atomic="false"
            aria-label="Danger Alert"
            aria-live="polite"
            class="pf-c-alert pf-m-danger"
            data-ouia-component-id="OUIA-Generated-Alert-danger-1"
            data-ouia-component-type="PF4/Alert"
            data-ouia-safe="true"
          >
            <div
              class="pf-c-alert__icon"
            >
              <svg
                aria-hidden="true"
                fill="currentColor"
                height="1em"
                role="img"
                style="vertical-align: -0.125em;"
                viewBox="0 0 512 512"
                width="1em"
              >
                <path
                  d="M504 256c0 136.997-111.043 248-248 248S8 392.997 8 256C8 119.083 119.043 8 256 8s248 111.083 248 248zm-248 50c-25.405 0-46 20.595-46 46s20.595 46 46 46 46-20.595 46-46-20.595-46-46-46zm-43.673-165.346l7.418 136c.347 6.364 5.609 11.346 11.982 11.346h48.546c6.373 0 11.635-4.982 11.982-11.346l7.418-136c.375-6.874-5.098-12.654-11.982-12.654h-63.383c-6.884 0-12.356 5.78-11.981 12.654z"
                />
              </svg>
            </div>
            <h4
              class="pf-c-alert__title"
            >
              <span
                class="pf-u-screen-reader"
              >
                Danger alert:
              </span>
              Error
            </h4>
            <div
              class="pf-c-alert__action"
            >
              <button
                aria-disabled="false"
                aria-label="Close Danger alert: alert: Error"
                class="pf-c-button pf-m-plain"
                data-ouia-component-id="OUIA-Generated-Button-plain-1"
                data-ouia-component-type="PF4/Button"
                data-ouia-safe="true"
                title="Close alert"
                type="button"
              >
                <svg
                  aria-hidden="true"
                  fill="currentColor"
                  height="1em"
                  role="img"
                  style="vertical-align: -0.125em;"
                  viewBox="0 0 352 512"
                  width="1em"
                >
                  <path
                    d="M242.72 256l100.07-100.07c12.28-12.28 12.28-32.19 0-44.48l-22.24-22.24c-12.28-12.28-32.19-12.28-44.48 0L176 189.28 75.93 89.21c-12.28-12.28-32.19-12.28-44.48 0L9.21 111.45c-12.28 12.28-12.28 32.19 0 44.48L109.28 256 9.21 356.07c-12.28 12.28-12.28 32.19 0 44.48l22.24 22.24c12.28 12.28 32.2 12.28 44.48 0L176 322.72l100.07 100.07c12.28 12.28 32.2 12.28 44.48 0l22.24-22.24c12.28-12.28 12.28-32.19 0-44.48L242.72 256z"
                  />
                </svg>
              </button>
            </div>
            <div
              class="pf-c-alert__description"
            >
              msg 1
            </div>
          </div>
        </li>
        <li>
          <div
            aria-atomic="false"
            aria-label="Danger Alert"
            aria-live="polite"
            class="pf-c-alert pf-m-danger"
            data-ouia-component-id="OUIA-Generated-Alert-danger-2"
            data-ouia-component-type="PF4/Alert"
            data-ouia-safe="true"
          >
            <div
              class="pf-c-alert__icon"
            >
              <svg
                aria-hidden="true"
                fill="currentColor"
                height="1em"
                role="img"
                style="vertical-align: -0.125em;"
                viewBox="0 0 512 512"
                width="1em"
              >
                <path
                  d="M504 256c0 136.997-111.043 248-248 248S8 392.997 8 256C8 119.083 119.043 8 256 8s248 111.083 248 248zm-248 50c-25.405 0-46 20.595-46 46s20.595 46 46 46 46-20.595 46-46-20.595-46-46-46zm-43.673-165.346l7.418 136c.347 6.364 5.609 11.346 11.982 11.346h48.546c6.373 0 11.635-4.982 11.982-11.346l7.418-136c.375-6.874-5.098-12.654-11.982-12.654h-63.383c-6.884 0-12.356 5.78-11.981 12.654z"
                />
              </svg>
            </div>
            <h4
              class="pf-c-alert__title"
            >
              <span
                class="pf-u-screen-reader"
              >
                Danger alert:
              </span>
              Error
            </h4>
            <div
              class="pf-c-alert__action"
            >
              <button
                aria-disabled="false"
                aria-label="Close Danger alert: alert: Error"
                class="pf-c-button pf-m-plain"
                data-ouia-component-id="OUIA-Generated-Button-plain-2"
                data-ouia-component-type="PF4/Button"
                data-ouia-safe="true"
                title="Close alert"
                type="button"
              >
                <svg
                  aria-hidden="true"
                  fill="currentColor"
                  height="1em"
                  role="img"
                  style="vertical-align: -0.125em;"
                  viewBox="0 0 352 512"
                  width="1em"
                >
                  <path
                    d="M242.72 256l100.07-100.07c12.28-12.28 12.28-32.19 0-44.48l-22.24-22.24c-12.28-12.28-32.19-12.28-44.48 0L176 189.28 75.93 89.21c-12.28-12.28-32.19-12.28-44.48 0L9.21 111.45c-12.28 12.28-12.28 32.19 0 44.48L109.28 256 9.21 356.07c-12.28 12.28-12.28 32.19 0 44.48l22.24 22.24c12.28 12.28 32.2 12.28 44.48 0L176 322.72l100.07 100.07c12.28 12.28 32.2 12.28 44.48 0l22.24-22.24c12.28-12.28 12.28-32.19 0-44.48L242.72 256z"
                  />
                </svg>
              </button>
            </div>
            <div
              class="pf-c-alert__description"
            >
              msg 2
            </div>
          </div>
        </li>
      </ul>
    </div>
  </body>,
  "container": <div />,
  "debug": [Function],
  "findAllByAltText": [Function],
  "findAllByDisplayValue": [Function],
  "findAllByLabelText": [Function],
  "findAllByPlaceholderText": [Function],
  "findAllByRole": [Function],
  "findAllByTestId": [Function],
  "findAllByText": [Function],
  "findAllByTitle": [Function],
  "findByAltText": [Function],
  "findByDisplayValue": [Function],
  "findByLabelText": [Function],
  "findByPlaceholderText": [Function],
  "findByRole": [Function],
  "findByTestId": [Function],
  "findByText": [Function],
  "findByTitle": [Function],
  "getAllByAltText": [Function],
  "getAllByDisplayValue": [Function],
  "getAllByLabelText": [Function],
  "getAllByPlaceholderText": [Function],
  "getAllByRole": [Function],
  "getAllByTestId": [Function],
  "getAllByText": [Function],
  "getAllByTitle": [Function],
  "getByAltText": [Function],
  "getByDisplayValue": [Function],
  "getByLabelText": [Function],
  "getByPlaceholderText": [Function],
  "getByRole": [Function],
  "getByTestId": [Function],
  "getByText": [Function],
  "getByTitle": [Function],
  "queryAllByAltText": [Function],
  "queryAllByDisplayValue": [Function],
  "queryAllByLabelText": [Function],
  "queryAllByPlaceholderText": [Function],
  "queryAllByRole": [Function],
  "queryAllByTestId": [Function],
  "queryAllByText": [Function],
  "queryAllByTitle": [Function],
  "queryByAltText": [Function],
  "queryByDisplayValue": [Function],
  "queryByLabelText": [Function],
  "queryByPlaceholderText": [Function],
  "queryByRole": [Function],
  "queryByTestId": [Function],
  "queryByText": [Function],
  "queryByTitle": [Function],
  "rerender": [Function],
  "unmount": [Function],
}
`;

exports[`Alerts should not render if there are no messages 1`] = `null`;
