// Jest Snapshot v1, https://goo.gl/fbAQLP

exports[`Location List Component should render correctly with a few routes 1`] = `
<div
  data-cy="location-list"
  style={
    Object {
      "overflowY": "auto",
    }
  }
>
  <DataList
    aria-label="List of locations"
  >
    <Location
      description="Depot"
      id={1}
      key="1"
      removeDisabled={true}
      removeHandler={[MockFunction]}
      selectHandler={[MockFunction]}
    />
    <Location
      description="Visit 1"
      id={2}
      key="2"
      removeDisabled={false}
      removeHandler={[MockFunction]}
      selectHandler={[MockFunction]}
    />
    <Location
      description="Visit 2"
      id={3}
      key="3"
      removeDisabled={false}
      removeHandler={[MockFunction]}
      selectHandler={[MockFunction]}
    />
  </DataList>
</div>
`;

exports[`Location List Component should render correctly with no routes 1`] = `
<DataList
  aria-label="Empty location list"
>
  <Bullseye>
    No locations
  </Bullseye>
</DataList>
`;
